// Jest Snapshot v1, https://goo.gl/fbAQLP

exports[`Test BookItem Component should render without error 1`] = `
<div
  className="sc-bdVaJa IMKmx"
>
  <div
    className="MuiPaper-root MuiCard-root makeStyles-root-1 MuiPaper-elevation1 MuiPaper-rounded"
  >
    <button
      className="MuiButtonBase-root MuiCardActionArea-root"
      disabled={false}
      onBlur={[Function]}
      onDragLeave={[Function]}
      onFocus={[Function]}
      onKeyDown={[Function]}
      onKeyUp={[Function]}
      onMouseDown={[Function]}
      onMouseLeave={[Function]}
      onMouseUp={[Function]}
      onTouchEnd={[Function]}
      onTouchMove={[Function]}
      onTouchStart={[Function]}
      tabIndex={0}
      type="button"
    >
      <div
        className="MuiCardMedia-root makeStyles-media-2"
        style={
          Object {
            "backgroundImage": "url(\\"https://lorempixel.com/640/480/?9d8b21dd8f74\\")",
          }
        }
        title="title"
      />
      <div
        className="MuiCardContent-root makeStyles-content-3"
      >
        <h2
          className="MuiTypography-root MuiTypography-h5 MuiTypography-gutterBottom"
        >
          title
        </h2>
        <p
          className="MuiTypography-root MuiTypography-body2 MuiTypography-colorTextSecondary"
        >
          Author
        </p>
      </div>
      <span
        className="MuiCardActionArea-focusHighlight"
      />
    </button>
    <div
      className="MuiCardActions-root MuiCardActions-spacing"
    >
      <button
        className="MuiButtonBase-root MuiButton-root MuiButton-text MuiButton-textSizeSmall MuiButton-sizeSmall"
        disabled={false}
        onBlur={[Function]}
        onClick={[Function]}
        onDragLeave={[Function]}
        onFocus={[Function]}
        onKeyDown={[Function]}
        onKeyUp={[Function]}
        onMouseDown={[Function]}
        onMouseLeave={[Function]}
        onMouseUp={[Function]}
        onTouchEnd={[Function]}
        onTouchMove={[Function]}
        onTouchStart={[Function]}
        tabIndex={0}
        type="button"
      >
        <span
          className="MuiButton-label"
        >
          More information
        </span>
      </button>
    </div>
  </div>
</div>
`;
